BL51 BANKED LINKER/LOCATER V6.05                                                        02/07/2018  22:11:14  PAGE 1


BL51 BANKED LINKER/LOCATER V6.05, INVOKED BY:
D:\PROGRAM FILES\KEIL\C51\BIN\BL51.EXE test.obj TO test RAMSIZE (256)


MEMORY MODEL: SMALL


INPUT MODULES INCLUDED:
  test.obj (TEST)
  D:\PROGRAM FILES\KEIL\C51\LIB\C51S.LIB (?C_STARTUP)
  D:\PROGRAM FILES\KEIL\C51\LIB\C51S.LIB (?C?CSTPTR)
  D:\PROGRAM FILES\KEIL\C51\LIB\C51S.LIB (?C?CSTOPTR)
  D:\PROGRAM FILES\KEIL\C51\LIB\C51S.LIB (?C?ULSHR)
  D:\PROGRAM FILES\KEIL\C51\LIB\C51S.LIB (?C_INIT)


LINK MAP OF MODULE:  test (TEST)


            TYPE    BASE      LENGTH    RELOCATION   SEGMENT NAME
            -----------------------------------------------------

            * * * * * * *   D A T A   M E M O R Y   * * * * * * *
            REG     0000H     0008H     ABSOLUTE     "REG BANK 0"
            DATA    0008H     001BH     UNIT         _DATA_GROUP_
            DATA    0023H     0008H     UNIT         ?DT?TEST
            IDATA   002BH     0001H     UNIT         ?STACK

            * * * * * * *   C O D E   M E M O R Y   * * * * * * *
            CODE    0000H     0003H     ABSOLUTE     
            CODE    0003H     008CH     UNIT         ?C_C51STARTUP
            CODE    008FH     0085H     UNIT         ?PR?CHANGEFOR788AS?TEST
            CODE    0114H     005EH     UNIT         ?PR?_SELECT?TEST
            CODE    0172H     0048H     UNIT         ?PR?_LONGTOROW?TEST
            CODE    01BAH     0047H     UNIT         ?C?LIB_CODE
            CODE    0201H     003BH     UNIT         ?PR?_SHOW?TEST
            CODE    023CH     0037H     UNIT         ?PR?MAIN?TEST
            CODE    0273H     0035H     UNIT         ?PR?_READ1302?TEST
            CODE    02A8H     000DH     UNIT         ?C_INITSEG



OVERLAY MAP OF MODULE:   test (TEST)


SEGMENT                           DATA_GROUP 
  +--> CALLED SEGMENT           START    LENGTH
-----------------------------------------------
?C_C51STARTUP                   -----    -----
  +--> ?PR?MAIN?TEST
  +--> ?C_INITSEG

?PR?MAIN?TEST                   0008H    0004H
  +--> ?PR?_READ1302?TEST
  +--> ?PR?_SHOW?TEST

?PR?_SHOW?TEST                  000CH    000BH
  +--> ?PR?_SELECT?TEST
BL51 BANKED LINKER/LOCATER V6.05                                                      02/07/2018  22:11:14  PAGE 2



?PR?_SELECT?TEST                0017H    0008H
  +--> ?PR?_LONGTOROW?TEST
  +--> ?PR?CHANGEFOR788AS?TEST

?PR?_LONGTOROW?TEST             001FH    0004H



SYMBOL TABLE OF MODULE:  test (TEST)

  VALUE           TYPE          NAME
  ----------------------------------

  -------         MODULE        TEST
  C:0000H         SYMBOL        _ICE_DUMMY_
  D:0090H         PUBLIC        P1
  D:00A0H         PUBLIC        P2
  D:00B0H         PUBLIC        P3
  C:0114H         PUBLIC        _select
  D:00A8H         PUBLIC        IE
  D:00B8H         PUBLIC        IP
  C:023CH         PUBLIC        main
  B:00B0H.0       PUBLIC        SHCP
  C:0172H         PUBLIC        _longToRow
  D:0098H         PUBLIC        SCON
  D:0088H         PUBLIC        TCON
  D:0023H         PUBLIC        column595
  B:0090H.1       PUBLIC        DS1302CLK
  B:00B0H.1       PUBLIC        STCP
  C:0201H         PUBLIC        _show
  C:008FH         PUBLIC        changeFor788AS
  B:00B0H.3       PUBLIC        COL0D
  B:0090H.4       PUBLIC        COL1D
  B:0090H.5       PUBLIC        COL2D
  B:0090H.6       PUBLIC        COL3D
  B:0090H.0       PUBLIC        DS1302RST
  C:0273H         PUBLIC        _read1302
  D:00C8H         PUBLIC        T2CON
  B:00B0H.2       PUBLIC        ROW0D
  B:00B0H.6       PUBLIC        ROW1D
  B:00B0H.7       PUBLIC        ROW2D
  B:0090H.3       PUBLIC        ROW3D
  B:0090H.2       PUBLIC        DS1302IO
  D:00D0H         PUBLIC        PSW
  D:0027H         PUBLIC        row595
  -------         PROC          _READ1302
  D:0007H         SYMBOL        addr
  -------         DO            
  D:0006H         SYMBOL        i
  D:0007H         SYMBOL        temp
  -------         ENDDO         
  C:0273H         LINE#         80
  C:0273H         LINE#         81
  C:0273H         LINE#         83
  C:0275H         LINE#         84
  C:0277H         LINE#         85
BL51 BANKED LINKER/LOCATER V6.05                                                      02/07/2018  22:11:14  PAGE 3


  C:0279H         LINE#         86
  C:027BH         LINE#         87
  C:027BH         LINE#         88
  C:027DH         LINE#         89
  C:0281H         LINE#         90
  C:0283H         LINE#         91
  C:0287H         LINE#         92
  C:0289H         LINE#         93
  C:028BH         LINE#         94
  C:028CH         LINE#         95
  C:028DH         LINE#         96
  C:028FH         LINE#         97
  C:028FH         LINE#         98
  C:0293H         LINE#         99
  C:0295H         LINE#         100
  C:0298H         LINE#         101
  C:0298H         LINE#         102
  C:029BH         LINE#         103
  C:029BH         LINE#         104
  C:029DH         LINE#         106
  C:029FH         LINE#         107
  C:02A1H         LINE#         108
  C:02A3H         LINE#         109
  C:02A5H         LINE#         110
  C:02A7H         LINE#         111
  C:02A7H         LINE#         112
  -------         ENDPROC       _READ1302
  -------         PROC          _LONGTOROW
  D:001FH         SYMBOL        dat
  D:0001H         SYMBOL        arr
  C:0172H         LINE#         114
  C:017AH         LINE#         115
  C:017AH         LINE#         116
  C:017EH         LINE#         117
  C:0192H         LINE#         118
  C:01A6H         LINE#         119
  -------         ENDPROC       _LONGTOROW
  -------         PROC          CHANGEFOR788AS
  -------         DO            
  D:0005H         SYMBOL        i
  D:0007H         SYMBOL        left
  D:0006H         SYMBOL        right
  -------         ENDDO         
  C:008FH         LINE#         122
  C:008FH         LINE#         123
  C:008FH         LINE#         125
  C:0091H         LINE#         126
  C:0092H         LINE#         127
  C:0093H         LINE#         128
  C:0093H         LINE#         129
  C:009CH         LINE#         130
  C:009FH         LINE#         131
  C:00A3H         LINE#         132
  C:00A6H         LINE#         133
  C:00AAH         LINE#         134
  C:00ADH         LINE#         135
  C:00B1H         LINE#         136
BL51 BANKED LINKER/LOCATER V6.05                                                      02/07/2018  22:11:14  PAGE 4


  C:00B4H         LINE#         137
  C:00B8H         LINE#         138
  C:00BBH         LINE#         139
  C:00BFH         LINE#         140
  C:00C2H         LINE#         141
  C:00C6H         LINE#         142
  C:00C9H         LINE#         143
  C:00CDH         LINE#         144
  C:00D0H         LINE#         146
  C:00D9H         LINE#         147
  C:00DCH         LINE#         148
  C:00E0H         LINE#         149
  C:00E3H         LINE#         150
  C:00E7H         LINE#         151
  C:00EAH         LINE#         152
  C:00EEH         LINE#         153
  C:00F1H         LINE#         154
  C:00F5H         LINE#         155
  C:00F8H         LINE#         156
  C:00FCH         LINE#         157
  C:00FFH         LINE#         158
  C:0103H         LINE#         159
  C:0106H         LINE#         160
  C:010AH         LINE#         161
  C:010DH         LINE#         162
  C:0113H         LINE#         163
  -------         ENDPROC       CHANGEFOR788AS
  -------         PROC          _SELECT
  D:0004H         SYMBOL        row
  D:001BH         SYMBOL        column
  -------         DO            
  D:0006H         SYMBOL        i
  -------         ENDDO         
  C:0114H         LINE#         165
  C:0114H         LINE#         166
  C:0114H         LINE#         168
  C:011DH         LINE#         169
  C:012CH         LINE#         170
  C:012FH         LINE#         171
  C:0133H         LINE#         172
  C:0133H         LINE#         174
  C:0138H         LINE#         175
  C:013DH         LINE#         176
  C:0142H         LINE#         177
  C:0147H         LINE#         178
  C:014CH         LINE#         179
  C:0151H         LINE#         180
  C:0156H         LINE#         181
  C:015BH         LINE#         182
  C:015DH         LINE#         183
  C:015EH         LINE#         184
  C:0160H         LINE#         185
  C:016BH         LINE#         186
  C:016DH         LINE#         187
  C:016EH         LINE#         188
  C:016FH         LINE#         189
  C:0171H         LINE#         190
BL51 BANKED LINKER/LOCATER V6.05                                                      02/07/2018  22:11:14  PAGE 5


  -------         ENDPROC       _SELECT
  -------         PROC          _SHOW
  D:0002H         SYMBOL        signalMonth
  -------         DO            
  D:000CH         SYMBOL        row
  D:000DH         SYMBOL        column
  D:000EH         SYMBOL        i
  D:000FH         SYMBOL        rlist
  D:0013H         SYMBOL        clist
  D:0002H         SYMBOL        myMonth
  -------         ENDDO         
  C:0201H         LINE#         192
  C:0205H         LINE#         193
  C:0205H         LINE#         195
  C:0216H         LINE#         197
  C:0216H         LINE#         198
  C:0222H         LINE#         199
  C:0227H         LINE#         218
  -------         ENDPROC       _SHOW
  -------         PROC          MAIN
  -------         DO            
  D:0008H         SYMBOL        monthCount
  D:000AH         SYMBOL        i
  D:000BH         SYMBOL        j
  -------         ENDDO         
  C:023CH         LINE#         223
  C:023CH         LINE#         224
  C:023CH         LINE#         227
  C:023CH         LINE#         228
  C:023CH         LINE#         229
  C:023FH         LINE#         230
  C:023FH         LINE#         231
  C:0248H         LINE#         232
  C:0248H         LINE#         233
  C:024FH         LINE#         234
  C:0255H         LINE#         235
  C:0258H         LINE#         236
  C:025FH         LINE#         237
  C:0268H         LINE#         238
  -------         ENDPROC       MAIN
  -------         ENDMOD        TEST

  -------         MODULE        ?C?CSTPTR
  C:01BAH         PUBLIC        ?C?CSTPTR
  -------         ENDMOD        ?C?CSTPTR

  -------         MODULE        ?C?CSTOPTR
  C:01CCH         PUBLIC        ?C?CSTOPTR
  -------         ENDMOD        ?C?CSTOPTR

  -------         MODULE        ?C?ULSHR
  C:01EEH         PUBLIC        ?C?ULSHR
  -------         ENDMOD        ?C?ULSHR

Program Size: data=44.0 xdata=0 code=693
LINK/LOCATE RUN COMPLETE.  0 WARNING(S),  0 ERROR(S)
