C51 COMPILER V8.06   TEST                                                                  02/04/2018 23:17:32 PAGE 1   


C51 COMPILER V8.06, COMPILATION OF MODULE TEST
OBJECT MODULE PLACED IN test.OBJ
COMPILER INVOKED BY: D:\Program Files\keil\C51\BIN\C51.EXE test.c BROWSE DEBUG OBJECTEXTEND

line level    source

   1          #include <reg52.h>
   2          #include <intrins.h>
   3          #define nop() _nop_()
   4          #define uchar unsigned char
   5          #define uint unsigned int
   6          #define ul unsigned long
   7          #define CMD_IDLE    0               //空闲模式
   8          #define CMD_READ    1               //IAP字节读命令
   9          #define CMD_PROGRAM 2               //IAP字节编程命令
  10          #define CMD_ERASE   3  
  11          #define ENABLE_IAP  0x82            //if SYSCLK<20MHz
  12          #define MONTH_DATA 0x0000
  13          #define WDT                     0x35                    //看门狗初始化@12MHz，2.9071s
  14          //DS1302寄存器定义
  15          #define WRITE_SEC        0X80
  16          #define WRITE_MIN        0X82
  17          #define WRITE_HOU        0X84
  18          #define WRITE_DAT        0X86
  19          #define WRITE_MON        0X88
  20          #define WRITE_YEA        0X8C
  21          
  22          #define READ_SEC         0x81
  23          #define READ_MIN         0x83
  24          #define READ_HOU         0x85
  25          #define READ_DAT         0x87
  26          #define WRITE_PROTECT 0X8E
  27          
  28          
  29          //初始化年月日等时间值
  30          #define OR_YEA 00
  31          #define OR_MON 01
  32          #define OR_DAT 01
  33          #define OR_HOU 00
  34          #define OR_MIN 00
  35          #define OR_SEC 00
  36          
  37          #define SHOWPRA 100000 //显示多少次统计一下时间
  38          
  39          #define TESTFLAG 1
  40          
  41          
  42          sfr AUXR        =   0x8e;
  43          sfr IAP_DATA    =   0xC2;           //IAP数据寄存器
  44          sfr IAP_ADDRH   =   0xC3;           //IAP地址寄存器高字节
  45          sfr IAP_ADDRL   =   0xC4;           //IAP地址寄存器低字节
  46          sfr IAP_CMD     =   0xC5;           //IAP命令寄存器
  47          sfr IAP_TRIG    =   0xC6;           //IAP命令触发寄存器
  48          sfr IAP_CONTR   =   0xC7;           //IAP控制寄存器
  49          sfr CLK_DIV = 0x97;                                     //时钟命令寄存器
  50          sfr WDT_CONTR = 0xc1;
  51          
  52          //行列数据74HC595
  53          sbit SHCP = P3^0;
  54          sbit STCP = P3^1;
  55          sbit ROW0D = P3^2;
C51 COMPILER V8.06   TEST                                                                  02/04/2018 23:17:32 PAGE 2   

  56          sbit COL0D = P3^3;
  57          sbit ROW1D = P3^6;
  58          sbit ROW2D = P3^7;
  59          sbit ROW3D = P1^3;
  60          sbit COL1D = P1^4;
  61          sbit COL2D = P1^5;
  62          sbit COL3D = P1^6;
  63          
  64          //按键
  65          sbit BUTTON = P1^7;
  66          
  67          
  68          
  69          //DS1302数据线
  70          sbit DS1302RST = P1^0;
  71          sbit DS1302CLK = P1^1;
  72          sbit DS1302IO = P1^2;
  73          
  74          
  75          
  76          
  77          
  78          uchar read1302(uchar addr)       //BCD??
  79          {
  80   1              uchar i,temp;
  81   1              DS1302RST=0;
  82   1              DS1302CLK=0;
  83   1              DS1302RST=1;
  84   1              for(i=8;i>0;i--)
  85   1              {
  86   2                      DS1302CLK=0;
  87   2                      DS1302IO=(bit)(addr&0x01);
  88   2                      DS1302CLK=1;
  89   2                      addr>>=1;
  90   2              }
  91   1              temp=0;
  92   1              nop();
  93   1              nop();
  94   1              for(i=8;i>0;i--)
  95   1              {  
  96   2                      temp>>=1;
  97   2                      DS1302CLK=0;            
  98   2                      if(DS1302IO)
  99   2                      {
 100   3                              temp=temp|0x80;
 101   3                      }
 102   2                      DS1302CLK=1;
 103   2      
 104   2              }
 105   1              DS1302RST=0;
 106   1              DS1302CLK=1;
 107   1              DS1302IO=0;
 108   1              DS1302IO=1;
 109   1              return temp;
 110   1      }
 111          
 112          void select(ul row,ul column)
 113          {
 114   1              int i;
 115   1              row=~row;
 116   1              column=~column;
 117   1              for(i=7;i>=0;i--)
C51 COMPILER V8.06   TEST                                                                  02/04/2018 23:17:32 PAGE 3   

 118   1              {
 119   2      
 120   2                      ROW0D=(row>>i)&0x01;
 121   2                      COL0D=(column>>i)&0x01;
 122   2                      ROW1D=(row>>(i+8))&0x01;
 123   2                      COL1D=(column>>(i+8))&0x01;
 124   2                      ROW2D=(row>>(i+16))&0x01;
 125   2                      COL2D=(column>>(i+16))&0x01;
 126   2                      ROW3D=(row>>(i+24))&0x01;
 127   2                      COL3D=(column>>(i+24))&0x01;
 128   2                      SHCP=0;
 129   2                      nop();
 130   2                      SHCP=1;
 131   2              }
 132   1              STCP=0;
 133   1              nop();
 134   1              nop();
 135   1              STCP=1;
 136   1      }
 137          
 138          void show(uint signalMonth)
 139          {
 140   1              uchar row,column,i; 
 141   1              ul rlist=0,clist=0; 
 142   1              uint myMonth;
 143   1              myMonth=signalMonth;
 144   1              row = myMonth/32;
 145   1              column = myMonth%32;
 146   1              //*
 147   1              for(i=0;i<row;i++)
 148   1              {
 149   2                      rlist=1;
 150   2                      rlist = rlist<<i;
 151   2                      select(~rlist,0xffff);
 152   2                      select(~rlist,0xffff0000);
 153   2              }
 154   1              for(i=0;i<column;i++)
 155   1              {
 156   2                      clist<<=1;
 157   2                      clist |= 0x01;
 158   2              }
 159   1              rlist=1;
 160   1              rlist=rlist<<row;
 161   1              select(~rlist,clist&0xffff);
 162   1              select(~rlist,clist&0xffff0000);
 163   1              //*/
 164   1              //select(0xf0f0f0f0,0x0f0f0f0f);
 165   1      
 166   1      }
 167          
 168          
 169          void main()
 170          {
 171   1              uint monthCount;
 172   1              uchar i,j;
 173   1              while(1)
 174   1              {
 175   2                      for(i=0;i<128;i++)
 176   2                      {
 177   3                              if(i%32 > 7)
 178   3                                      continue;
 179   3                              P2=read1302(READ_SEC);
C51 COMPILER V8.06   TEST                                                                  02/04/2018 23:17:32 PAGE 4   

 180   3                              monthCount=i;
 181   3                              j=100;
 182   3                              while(j--)
 183   3                                      show(monthCount);
 184   3                      }
 185   2                      //monthSet();   
 186   2              }
 187   1      }


MODULE INFORMATION:   STATIC OVERLAYABLE
   CODE SIZE        =    624    ----
   CONSTANT SIZE    =   ----    ----
   XDATA SIZE       =   ----    ----
   PDATA SIZE       =   ----    ----
   DATA SIZE        =   ----      21
   IDATA SIZE       =   ----    ----
   BIT SIZE         =   ----    ----
END OF MODULE INFORMATION.


C51 COMPILATION COMPLETE.  0 WARNING(S),  0 ERROR(S)
