BL51 BANKED LINKER/LOCATER V6.05                                                        02/04/2018  23:17:32  PAGE 1


BL51 BANKED LINKER/LOCATER V6.05, INVOKED BY:
D:\PROGRAM FILES\KEIL\C51\BIN\BL51.EXE test.obj TO test RAMSIZE (256)


MEMORY MODEL: SMALL


INPUT MODULES INCLUDED:
  test.obj (TEST)
  D:\PROGRAM FILES\KEIL\C51\LIB\C51S.LIB (?C_STARTUP)
  D:\PROGRAM FILES\KEIL\C51\LIB\C51S.LIB (?C?LNOT)
  D:\PROGRAM FILES\KEIL\C51\LIB\C51S.LIB (?C?ULSHR)
  D:\PROGRAM FILES\KEIL\C51\LIB\C51S.LIB (?C?LSHL)


LINK MAP OF MODULE:  test (TEST)


            TYPE    BASE      LENGTH    RELOCATION   SEGMENT NAME
            -----------------------------------------------------

            * * * * * * *   D A T A   M E M O R Y   * * * * * * *
            REG     0000H     0008H     ABSOLUTE     "REG BANK 0"
            DATA    0008H     0015H     UNIT         _DATA_GROUP_
            IDATA   001DH     0001H     UNIT         ?STACK

            * * * * * * *   C O D E   M E M O R Y   * * * * * * *
            CODE    0000H     0003H     ABSOLUTE     
            CODE    0003H     0103H     UNIT         ?PR?_SHOW?TEST
            CODE    0106H     0101H     UNIT         ?PR?_SELECT?TEST
            CODE    0207H     0037H     UNIT         ?PR?MAIN?TEST
            CODE    023EH     0035H     UNIT         ?PR?_READ1302?TEST
            CODE    0273H     0033H     UNIT         ?C?LIB_CODE
            CODE    02A6H     000CH     UNIT         ?C_C51STARTUP



OVERLAY MAP OF MODULE:   test (TEST)


SEGMENT                          DATA_GROUP 
  +--> CALLED SEGMENT          START    LENGTH
----------------------------------------------
?C_C51STARTUP                  -----    -----
  +--> ?PR?MAIN?TEST

?PR?MAIN?TEST                  0008H    0002H
  +--> ?PR?_READ1302?TEST
  +--> ?PR?_SHOW?TEST

?PR?_SHOW?TEST                 000AH    000BH
  +--> ?PR?_SELECT?TEST

?PR?_SELECT?TEST               0015H    0008H



SYMBOL TABLE OF MODULE:  test (TEST)
BL51 BANKED LINKER/LOCATER V6.05                                                      02/04/2018  23:17:32  PAGE 2



  VALUE           TYPE          NAME
  ----------------------------------

  -------         MODULE        TEST
  C:0000H         SYMBOL        _ICE_DUMMY_
  D:0090H         PUBLIC        P1
  D:00A0H         PUBLIC        P2
  D:00B0H         PUBLIC        P3
  C:0106H         PUBLIC        _select
  D:00A8H         PUBLIC        IE
  D:00B8H         PUBLIC        IP
  C:0207H         PUBLIC        main
  B:00B0H.0       PUBLIC        SHCP
  D:0098H         PUBLIC        SCON
  D:0088H         PUBLIC        TCON
  B:0090H.1       PUBLIC        DS1302CLK
  B:00B0H.1       PUBLIC        STCP
  C:0003H         PUBLIC        _show
  B:00B0H.3       PUBLIC        COL0D
  B:0090H.4       PUBLIC        COL1D
  B:0090H.5       PUBLIC        COL2D
  B:0090H.6       PUBLIC        COL3D
  B:0090H.0       PUBLIC        DS1302RST
  C:023EH         PUBLIC        _read1302
  D:00C8H         PUBLIC        T2CON
  B:00B0H.2       PUBLIC        ROW0D
  B:00B0H.6       PUBLIC        ROW1D
  B:00B0H.7       PUBLIC        ROW2D
  B:0090H.3       PUBLIC        ROW3D
  B:0090H.2       PUBLIC        DS1302IO
  D:00D0H         PUBLIC        PSW
  -------         PROC          _READ1302
  D:0007H         SYMBOL        addr
  -------         DO            
  D:0006H         SYMBOL        i
  D:0007H         SYMBOL        temp
  -------         ENDDO         
  C:023EH         LINE#         78
  C:023EH         LINE#         79
  C:023EH         LINE#         81
  C:0240H         LINE#         82
  C:0242H         LINE#         83
  C:0244H         LINE#         84
  C:0246H         LINE#         85
  C:0246H         LINE#         86
  C:0248H         LINE#         87
  C:024CH         LINE#         88
  C:024EH         LINE#         89
  C:0252H         LINE#         90
  C:0254H         LINE#         91
  C:0256H         LINE#         92
  C:0257H         LINE#         93
  C:0258H         LINE#         94
  C:025AH         LINE#         95
  C:025AH         LINE#         96
  C:025EH         LINE#         97
BL51 BANKED LINKER/LOCATER V6.05                                                      02/04/2018  23:17:32  PAGE 3


  C:0260H         LINE#         98
  C:0263H         LINE#         99
  C:0263H         LINE#         100
  C:0266H         LINE#         101
  C:0266H         LINE#         102
  C:0268H         LINE#         104
  C:026AH         LINE#         105
  C:026CH         LINE#         106
  C:026EH         LINE#         107
  C:0270H         LINE#         108
  C:0272H         LINE#         109
  C:0272H         LINE#         110
  -------         ENDPROC       _READ1302
  -------         PROC          _SELECT
  D:0015H         SYMBOL        row
  D:0019H         SYMBOL        column
  -------         DO            
  D:0002H         SYMBOL        i
  -------         ENDDO         
  C:0106H         LINE#         112
  C:010EH         LINE#         113
  C:010EH         LINE#         115
  C:0119H         LINE#         116
  C:012CH         LINE#         117
  C:0130H         LINE#         118
  C:0130H         LINE#         120
  C:0148H         LINE#         121
  C:015EH         LINE#         122
  C:0177H         LINE#         123
  C:018DH         LINE#         124
  C:01A6H         LINE#         125
  C:01BCH         LINE#         126
  C:01D5H         LINE#         127
  C:01EBH         LINE#         128
  C:01EDH         LINE#         129
  C:01EEH         LINE#         130
  C:01F0H         LINE#         131
  C:0200H         LINE#         132
  C:0202H         LINE#         133
  C:0203H         LINE#         134
  C:0204H         LINE#         135
  C:0206H         LINE#         136
  -------         ENDPROC       _SELECT
  -------         PROC          _SHOW
  D:0002H         SYMBOL        signalMonth
  -------         DO            
  D:000AH         SYMBOL        row
  D:000BH         SYMBOL        column
  D:000CH         SYMBOL        i
  D:000DH         SYMBOL        rlist
  D:0011H         SYMBOL        clist
  D:0002H         SYMBOL        myMonth
  -------         ENDDO         
  C:0003H         LINE#         138
  C:0007H         LINE#         139
  C:0007H         LINE#         141
  C:0018H         LINE#         143
BL51 BANKED LINKER/LOCATER V6.05                                                      02/04/2018  23:17:32  PAGE 4


  C:0018H         LINE#         144
  C:0024H         LINE#         145
  C:0029H         LINE#         147
  C:0033H         LINE#         148
  C:0033H         LINE#         149
  C:003DH         LINE#         150
  C:0054H         LINE#         151
  C:0065H         LINE#         152
  C:007EH         LINE#         153
  C:0082H         LINE#         154
  C:008CH         LINE#         155
  C:008CH         LINE#         156
  C:00A1H         LINE#         157
  C:00B3H         LINE#         158
  C:00B7H         LINE#         159
  C:00C1H         LINE#         160
  C:00D8H         LINE#         161
  C:00EBH         LINE#         162
  -------         ENDPROC       _SHOW
  -------         PROC          MAIN
  -------         DO            
  D:0082H         SYMBOL        monthCount
  D:0008H         SYMBOL        i
  D:0009H         SYMBOL        j
  -------         ENDDO         
  C:0207H         LINE#         169
  C:0207H         LINE#         170
  C:0207H         LINE#         173
  C:0207H         LINE#         174
  C:0207H         LINE#         175
  C:020AH         LINE#         176
  C:020AH         LINE#         177
  C:0213H         LINE#         178
  C:0213H         LINE#         179
  C:021AH         LINE#         180
  C:0220H         LINE#         181
  C:0223H         LINE#         182
  C:022AH         LINE#         183
  C:0233H         LINE#         184
  -------         ENDPROC       MAIN
  -------         ENDMOD        TEST

  -------         MODULE        ?C?LNOT
  C:0273H         PUBLIC        ?C?LNOT
  -------         ENDMOD        ?C?LNOT

  -------         MODULE        ?C?ULSHR
  C:0280H         PUBLIC        ?C?ULSHR
  -------         ENDMOD        ?C?ULSHR

  -------         MODULE        ?C?LSHL
  C:0293H         PUBLIC        ?C?LSHL
  -------         ENDMOD        ?C?LSHL

Program Size: data=30.0 xdata=0 code=690
LINK/LOCATE RUN COMPLETE.  0 WARNING(S),  0 ERROR(S)
