C51 COMPILER V8.06   DELAY                                                                 02/01/2018 10:35:33 PAGE 1   


C51 COMPILER V8.06, COMPILATION OF MODULE DELAY
OBJECT MODULE PLACED IN delay.OBJ
COMPILER INVOKED BY: C:\Keil\C51\BIN\C51.EXE delay.c BROWSE DEBUG OBJECTEXTEND

line level    source

   1          #include"head.h"
   2          
   3          /**************************************
   4          —” ±XŒ¢√Î(STC15F104W@11.0592M)
   5          **************************************/
   6          
   7          
   8           /*
   9          void Delay10us()                //@11.0592MHz
  10          {
  11                  unsigned char i;
  12          
  13                  _nop_();
  14                  i = 25;
  15                  while (--i);
  16          }
  17          
  18                           */
  19          void Delay40us()                //@11.0592MHz
  20          {
  21   1              unsigned char i;
  22   1              WDT_CONTR = WDT;
  23   1              i = 108;
  24   1              while (--i);
  25   1      }
  26          
  27          
  28          
  29          
  30          void Delay1s()          //@11.0592MHz
  31          {
  32   1              unsigned char i, j, k;
  33   1              WDT_CONTR = WDT;
  34   1              _nop_();
  35   1              _nop_();
  36   1              i = 43;
  37   1              j = 6;
  38   1              k = 203;
  39   1              do
  40   1              {
  41   2                      do
  42   2                      {
  43   3                              while (--k);
  44   3                      } while (--j);
  45   2              } while (--i);
  46   1      }


MODULE INFORMATION:   STATIC OVERLAYABLE
   CODE SIZE        =     26    ----
   CONSTANT SIZE    =   ----    ----
   XDATA SIZE       =   ----    ----
   PDATA SIZE       =   ----    ----
   DATA SIZE        =   ----    ----
   IDATA SIZE       =   ----    ----
C51 COMPILER V8.06   DELAY                                                                 02/01/2018 10:35:33 PAGE 2   

   BIT SIZE         =   ----    ----
END OF MODULE INFORMATION.


C51 COMPILATION COMPLETE.  0 WARNING(S),  0 ERROR(S)
