C51 COMPILER V8.06   DS1302                                                                02/10/2018 13:11:57 PAGE 1   


C51 COMPILER V8.06, COMPILATION OF MODULE DS1302
OBJECT MODULE PLACED IN DS1302.OBJ
COMPILER INVOKED BY: D:\Program Files\keil\C51\BIN\C51.EXE DS1302.c BROWSE DEBUG OBJECTEXTEND

line level    source

   1          #include"head.h"
   2          
   3          /*
   4          //DS1302Êý¾ÝÏß
   5          sbit DS1302RST = P1^3;
   6          sbit DS1302CLK = P1^4;
   7          sbit DS1302IO = P1^5;
   8          
   9          
  10          #define WRITE_SEC        0X80
  11          #define WRITE_MIN        0X82
  12          #define WRITE_HOU        0X84
  13          #define WRITE_DAT        0X86
  14          #define WRITE_MON        0X88
  15          #define WRITE_YEA        0X8C
  16          
  17          #define READ_SEC         0x81
  18          #define READ_MIN         0x83
  19          #define READ_HOU         0x85
  20          #define READ_DAT         0x87
  21          #define WRITE_PROTECT 0X8E
  22          */
  23          void write1302(uchar addr,uchar dat)
  24          {
  25   1              uchar i;
  26   1              DS1302RST=0;
  27   1              DS1302CLK=0;
  28   1              DS1302RST=1;
  29   1              for(i=8;i>0;i--)
  30   1              {
  31   2                      DS1302CLK=0;
  32   2                      DS1302IO=(bit)(addr&0x01);
  33   2                      DS1302CLK=1;
  34   2                      addr>>=1;
  35   2              }
  36   1              for(i=8;i>0;i--)
  37   1              {
  38   2                      DS1302CLK=0;
  39   2                      DS1302IO=(bit)(dat&0x01);
  40   2                      DS1302CLK=1;
  41   2                      dat>>=1;
  42   2              }
  43   1              DS1302RST=0;
  44   1      }
  45          
  46          uchar read1302(uchar addr)       //BCD??
  47          {
  48   1              uchar i,temp;
  49   1              DS1302RST=0;
  50   1              DS1302CLK=0;
  51   1              DS1302RST=1;
  52   1              for(i=8;i>0;i--)
  53   1              {
  54   2                      DS1302CLK=0;
  55   2                      DS1302IO=(bit)(addr&0x01);
C51 COMPILER V8.06   DS1302                                                                02/10/2018 13:11:57 PAGE 2   

  56   2                      DS1302CLK=1;
  57   2                      addr>>=1;
  58   2              }
  59   1              temp=0;
  60   1              nop();
  61   1              nop();
  62   1              for(i=8;i>0;i--)
  63   1              {  
  64   2                      temp>>=1;
  65   2                      DS1302CLK=0;            
  66   2                      if(DS1302IO)
  67   2                      {
  68   3                              temp=temp|0x80;
  69   3                      }
  70   2                      DS1302CLK=1;
  71   2      
  72   2              }
  73   1              DS1302RST=0;
  74   1              DS1302CLK=1;
  75   1              DS1302IO=0;
  76   1              DS1302IO=1;
  77   1              return temp;
  78   1      }
  79          
  80          //void initDS1302(uchar sec=OR_SEC,uchar min=OR_MIN,uchar hou=OR_HOU)
  81          void initDS1302(uchar sec,uchar min,uchar hou)
  82          {
  83   1               write1302(WRITE_PROTECT,0X00);
  84   1               write1302(WRITE_SEC,sec);
  85   1               write1302(WRITE_MIN,min);
  86   1               write1302(WRITE_HOU,hou);
  87   1               write1302(WRITE_DAT,OR_DAT);
  88   1               write1302(WRITE_MON,OR_MON);
  89   1               write1302(WRITE_YEA,OR_YEA);
  90   1      }
  91          
  92          
  93          uint calMonth(uint month)
  94          {
  95   1              uchar date;
  96   1              uchar sec,min,hou;
  97   1              if(month==0)
  98   1                      month=1;
  99   1              if(!TESTFLAG)
 100   1              {
 101   2                      date = read1302(READ_DAT);
 102   2                      if(date == 0x31)
 103   2                      {
 104   3                              month++;
 105   3                              if(month > 1024)
 106   3                                      month-=1024;
 107   3                              flashMonthChange(month);
 108   3                              hou = read1302(READ_HOU);
 109   3                              min = read1302(READ_MIN);
 110   3                              sec = read1302(READ_SEC);
 111   3                              initDS1302(sec,min,hou);
 112   3                      }
 113   2              }
 114   1              else
 115   1              {
 116   2                      date = read1302(READ_SEC);
 117   2                      if(date >= 0x03)
C51 COMPILER V8.06   DS1302                                                                02/10/2018 13:11:57 PAGE 3   

 118   2                      {
 119   3                              month+=1;
 120   3                              if(month > 1024)
 121   3                                      month-=1024;
 122   3                              flashMonthChange(month);
 123   3                              initDS1302(0,0,0);
 124   3                      }
 125   2              }
 126   1              return month;
 127   1      } 


MODULE INFORMATION:   STATIC OVERLAYABLE
   CODE SIZE        =    220    ----
   CONSTANT SIZE    =   ----    ----
   XDATA SIZE       =   ----    ----
   PDATA SIZE       =   ----    ----
   DATA SIZE        =   ----       2
   IDATA SIZE       =   ----    ----
   BIT SIZE         =   ----    ----
END OF MODULE INFORMATION.


C51 COMPILATION COMPLETE.  0 WARNING(S),  0 ERROR(S)
