C51 COMPILER V8.06   LED                                                                   02/08/2018 23:08:19 PAGE 1   


C51 COMPILER V8.06, COMPILATION OF MODULE LED
OBJECT MODULE PLACED IN led.OBJ
COMPILER INVOKED BY: D:\Program Files\keil\C51\BIN\C51.EXE led.c BROWSE DEBUG OBJECTEXTEND

line level    source

   1          #include"head.h"
   2          
   3          void changeDataTo595(ul dat[])
   4          {
   5   1              uchar left[4]={0,0,0,0},right[4]={0,0,0,0};
   6   1              uchar i,tempRow,tempColumn;
   7   1              for(i=0;i<4;i++)
   8   1              {
   9   2                      tempRow=dat[0]>>(i*8);
  10   2                      tempColumn=dat[1]>>(i*8);
  11   2      
  12   2                      if(tempRow&0x01)  //1->9
  13   2                              right[i]|=0x80;
  14   2                      if(tempRow&0x02)  //2->14
  15   2                              right[i]|=0x04;
  16   2                      if(tempRow&0x04)  //3->8
  17   2                              left[i]|=0x01;
  18   2                      if(tempRow&0x08)  //4->12
  19   2                              right[i]|=0x10;
  20   2                      if(tempRow&0x10)  //5->1
  21   2                              left[i]|=0x80;
  22   2                      if(tempRow&0x20)  //6->7
  23   2                              left[i]|=0x02;
  24   2                      if(tempRow&0x40)  //7->2
  25   2                              left[i]|=0x40;
  26   2                      if(tempRow&0x80)  //8->5
  27   2                              left[i]|=0x08;
  28   2      
  29   2                      if(tempColumn&0x01) //1->13
  30   2                              right[i]|=0x08;
  31   2                      if(tempColumn&0x02) //2->3
  32   2                              left[i]|=0x20;
  33   2                      if(tempColumn&0x04) //3->4
  34   2                              left[i]|=0x10;
  35   2                      if(tempColumn&0x08) //4->10
  36   2                              right[i]|=0x40;
  37   2                      if(tempColumn&0x10) //5->6
  38   2                              left[i]|=0x04;
  39   2                      if(tempColumn&0x20) //6->11
  40   2                              right[i]|=0x20;
  41   2                      if(tempColumn&0x40) //7->15
  42   2                              right[i]|=0x02;
  43   2                      if(tempColumn&0x80) //8->16
  44   2                              right[i]|=0x01;
  45   2              }
  46   1              dat[0]=left[3]*0x1000000+left[2]*0x10000+left[1]*0x100+left[0];
  47   1              dat[1]=right[3]*0x1000000+right[2]*0x10000+right[1]*0x100+right[0];
  48   1      }
  49          
  50          void select(ul row,ul column) //注意row需要取反
  51          {
  52   1              int i;
  53   1              ul hc595Data[2];
  54   1              ul left,right;
  55   1              row = ~row;
C51 COMPILER V8.06   LED                                                                   02/08/2018 23:08:19 PAGE 2   

  56   1              hc595Data[0]=row;
  57   1              hc595Data[1]=column;
  58   1              changeDataTo595(hc595Data);
  59   1              left=hc595Data[0],right=hc595Data[1];
  60   1              for(i=31;i>=0;i--)
  61   1              {
  62   2                      ROWD=(left>>i)&0x01;
  63   2                      COLD=(right>>i)&0x01;
  64   2                      SHCP=0;
  65   2                      nop();
  66   2                      SHCP=1;
  67   2              }
  68   1              STCP=0;
  69   1              nop();
  70   1              nop();
  71   1              STCP=1;
  72   1      }
  73          //显示设置
  74          
  75          void show(uint signalMonth)     //每次显示8行
  76          {
  77   1              uchar row,column,i;
  78   1              ul rlist=0,clist = 0;
  79   1              uint myMonth;
  80   1              myMonth = signalMonth%1024;
  81   1              //row,column设置
  82   1              row = myMonth/32;
  83   1              column = myMonth%32;
  84   1              for(i=0;i<row/8;i++)
  85   1              {
  86   2                      rlist = 0xff;
  87   2                      rlist = rlist<<(i*8);
  88   2                      select(rlist,0xffffffff);
  89   2              }                                                 
  90   1              rlist=0;        
  91   1              for(i=0;i<(row%8);i++)
  92   1              {
  93   2                      rlist<<=1;
  94   2                      rlist= rlist|0x01;
  95   2              }
  96   1              rlist=rlist<<(row/8*8);
  97   1              select(rlist,0xffffffff);
  98   1              for(i=0;i<column;i++)
  99   1              {
 100   2                      clist<<=1;
 101   2                      clist |= 0x01;
 102   2              }
 103   1              rlist=1;
 104   1              rlist<<=row;
 105   1              select(rlist,clist);
 106   1      }


MODULE INFORMATION:   STATIC OVERLAYABLE
   CODE SIZE        =    956    ----
   CONSTANT SIZE    =      8    ----
   XDATA SIZE       =   ----    ----
   PDATA SIZE       =   ----    ----
   DATA SIZE        =   ----      48
   IDATA SIZE       =   ----    ----
   BIT SIZE         =   ----    ----
END OF MODULE INFORMATION.

C51 COMPILER V8.06   LED                                                                   02/08/2018 23:08:19 PAGE 3   


C51 COMPILATION COMPLETE.  0 WARNING(S),  0 ERROR(S)
